Microchip MPLAB XC8 Compiler V2.45

Linker command line:

-W-3 \
  --edf=C:/Program Files/Microchip/MPLABX/v6.20/packs/Microchip/PIC16Fxxx_DFP/1.6.156/xc8\pic\dat\20231012211500_en.msgs \
  -cn -h+dist/default/production\UltraSonic690.X.production.sym \
  --cmf=dist/default/production\UltraSonic690.X.production.cmf -z -Q16F690 \
  -oC:\Users\hp\AppData\Local\Temp\xcCs5q0.2\driver_tmp_3.o \
  --defsym=__MPLAB_BUILD=1 --fixupoverflow=error \
  -Mdist/default/production/UltraSonic690.X.production.map \
  --md=C:\Users\hp\AppData\Local\Temp\xcCs5q0.2\driver_tmp_0.dat -E1 \
  -ver=XC8 Compiler --acfsm=1493 -ACODE=00h-07FFhx2 -ASTRCODE=00h-0FFFh \
  -ASTRING=00h-0FFhx16 -ACONST=00h-0FFhx16 -AENTRY=00h-0FFhx16 \
  -ACOMMON=070h-07Fh -ABANK0=020h-06Fh -ABANK1=0A0h-0EFh \
  -ABANK2=0120h-016Fh -ARAM=020h-06Fh,0A0h-0EFh,0120h-016Fh \
  -AABS1=020h-07Fh,0A0h-0EFh,0120h-016Fh -ASFR0=00h-01Fh -ASFR1=080h-09Fh \
  -ASFR2=0100h-011Fh -ASFR3=0180h-01EFh -ACONFIG=02007h-02007h -DCONFIG=2 \
  -AIDLOC=02000h-02003h -DIDLOC=2 -AEEDATA=00h-0FFh/02100h \
  -peeprom_data=EEDATA -DEEDATA=2 -DCODE=2 -DSTRCODE=2 -DSTRING=2 -DCONST=2 \
  -DENTRY=2 -preset_vec=00h,intentry=04h,init,end_init -ppowerup=CODE \
  -pcinit=CODE -pfunctab=ENTRY -k \
  C:\Users\hp\AppData\Local\Temp\xcCs5q0.2\driver_tmp_13.o \
  dist/default/production\UltraSonic690.X.production.o 

Object code version is 3.11

Machine type is 16F690



                Name                               Link     Load   Length Selector   Space Scale
C:\Users\hp\AppData\Local\Temp\xcCs5q0.2\driver_tmp_13.o
                end_init                              F        F        2        8       0
                reset_vec                             0        0        2        0       0
                config                             2007     2007        1        0       4
dist/default/production\UltraSonic690.X.production.o
                cinit                                11       11       17        8       0
                intentry                              4        4        B        8       0
                config                             2007     2007        1        0       4
                text14                              1F7      1F7      1CF        8       0
                text13                              EDB      EDB       78     1DB6       0
                text12                              D2A      D2A       25     1A54       0
                text11                              6CA      6CA       B8        8       0
                text10                              DAA      DAA       61     1B54       0
                text9                               538      538       D8        8       0
                text8                               D76      D76       34     1AEC       0
                text7                               E72      E72       69     1CE4       0
                text6                                28       28      1CF        8       0
                text5                               782      782       78        8       0
                text4                               D4F      D4F       27     1A9E       0
                text3                               610      610       BA        8       0
                text2                               E0B      E0B       67     1C16       0
                text1                               F53      F53       AD     1EA6       0
                maintext                            3C6      3C6      172        8       0
                cstackBANK0                          20       20       2E       20       1
                cstackCOMMON                         70       70        E       70       1
                cstackBANK1                          A0       A0       40       A0       1
                clrtext                             D22      D22        8     1A44       0
                bssBANK2                            120      120       18      120       1
                bssBANK1                             E0       E0       10       A0       1
                bssBANK0                             4E       4E       1F       20       1

TOTAL           Name                               Link     Load   Length     Space
        CLASS   CODE           
                end_init                              F        F        2         0
                cinit                                11       11       17         0
                intentry                              4        4        B         0
                reset_vec                             0        0        2         0
                text14                              1F7      1F7      1CF         0
                text13                              EDB      EDB       78         0
                text12                              D2A      D2A       25         0
                text11                              6CA      6CA       B8         0
                text10                              DAA      DAA       61         0
                text9                               538      538       D8         0
                text8                               D76      D76       34         0
                text7                               E72      E72       69         0
                text6                                28       28      1CF         0
                text5                               782      782       78         0
                text4                               D4F      D4F       27         0
                text3                               610      610       BA         0
                text2                               E0B      E0B       67         0
                text1                               F53      F53       AD         0
                maintext                            3C6      3C6      172         0
                clrtext                             D22      D22        8         0

        CLASS   STRCODE        

        CLASS   STRING         

        CLASS   CONST          

        CLASS   ENTRY          

        CLASS   COMMON         
                cstackCOMMON                         70       70        E         1

        CLASS   BANK0          
                cstackBANK0                          20       20       2E         1
                bssBANK0                             4E       4E       1F         1

        CLASS   BANK1          
                cstackBANK1                          A0       A0       40         1
                bssBANK1                             E0       E0       10         1

        CLASS   BANK2          
                bssBANK2                            120      120       18         1

        CLASS   RAM            

        CLASS   ABS1           
                abs_s1                               7E       7E        2         1

        CLASS   SFR0           

        CLASS   SFR1           

        CLASS   SFR2           

        CLASS   SFR3           

        CLASS   CONFIG         
                config                             2007     2007        1         4

        CLASS   IDLOC          

        CLASS   EEDATA         

        CLASS   BANK3          

        CLASS   HEAP           

        CLASS   STACK          



SEGMENTS        Name                           Load    Length   Top    Selector   Space  Class     Delta

                reset_vec                      000000  000002  000002         0       0  CODE        2
                intentry                       000004  0007F6  0007FA         8       0  CODE        2
                cstackBANK0                    000020  00004D  00006D        20       1  BANK0       1
                cstackCOMMON                   000070  00000E  00007E        70       1  COMMON      1
                cstackBANK1                    0000A0  000050  0000F0        A0       1  BANK1       1
                bssBANK2                       000120  000018  000138       120       1  BANK2       1
                clrtext                        000D22  000008  000D2A      1A44       0  CODE        2
                text12                         000D2A  000025  000D4F      1A54       0  CODE        2
                text4                          000D4F  000027  000D76      1A9E       0  CODE        2
                text8                          000D76  000034  000DAA      1AEC       0  CODE        2
                text10                         000DAA  000061  000E0B      1B54       0  CODE        2
                text2                          000E0B  000067  000E72      1C16       0  CODE        2
                text7                          000E72  000069  000EDB      1CE4       0  CODE        2
                text13                         000EDB  000078  000F53      1DB6       0  CODE        2
                text1                          000F53  0000AD  001000      1EA6       0  CODE        2


UNUSED ADDRESS RANGES

        Name                Unused          Largest block    Delta
        BANK0            006D-006F              3           1
        BANK2            0138-016F             38           1
        CODE             0002-0003              2           2
                         07FA-0D21              6
        CONST            0002-0003              2           2
                         07FA-0D21            100
        EEDATA           2100-21FF            100           2
        ENTRY            0002-0003              2           2
                         07FA-0D21            100
        IDLOC            2000-2003              4           2
        RAM              006D-006F              3           1
                         0138-016F             38
        SFR0             0000-001F             20           1
        SFR1             0080-009F             20           1
        SFR2             0100-011F             20           1
        SFR3             0180-01EF             70           1
        STRCODE          0002-0003              2           2
                         07FA-0D21            528
        STRING           0002-0003              2           2
                         07FA-0D21            100

                                  Symbol Table

?___awdiv                cstackBANK1  00A0
?___fldiv                cstackBANK1  00AE
?___fltol                cstackBANK1  00C8
?___wmul                 cstackBANK1  00A0
?___xxtofl               cstackBANK1  00A0
?_calc_dist              cstackBANK1  00D2
?i1___fldiv              cstackBANK0  0020
?i1___fltol              cstackBANK0  003A
?i1___wmul               cstackCOMMON 0070
?i1___xxtofl             cstackCOMMON 0070
?i1_calc_dist            cstackBANK0  0044
PWM1_Set_Duty@DC         cstackBANK1  00A0
_ANSELHbits              (abs)        011F
_ANSELbits               (abs)        011E
_CCP1CON                 (abs)        0017
_CCP1CONbits             (abs)        0017
_CCP1IE                  (abs)        0462
_CCP1IF                  (abs)        0062
_CCP1M0                  (abs)        00B8
_CCP1M1                  (abs)        00B9
_CCP1M2                  (abs)        00BA
_CCP1M3                  (abs)        00BB
_CCPR1L                  (abs)        0015
_D                       bssBANK1     00E2
_GIE                     (abs)        005F
_INTE                    (abs)        005C
_INTEDG                  (abs)        040E
_INTF                    (abs)        0059
_ISR                     text9        0538
_OPTION_REGbits          (abs)        0081
_PEIE                    (abs)        005E
_PR2                     (abs)        0092
_PSA                     (abs)        040B
_PWM1_Set_Duty           text8        0D76
_RB4                     (abs)        0034
_RB5                     (abs)        0035
_RB6                     (abs)        0036
_RC2                     (abs)        003A
_RC3                     (abs)        003B
_RC4                     (abs)        003C
_RC6                     (abs)        003E
_T0CS                    (abs)        040D
_T0IE                    (abs)        005D
_T0IF                    (abs)        005A
_T1CKPS0                 (abs)        0084
_T1CKPS1                 (abs)        0085
_T1CONbits               (abs)        0010
_T2CONbits               (abs)        0012
_TMR0                    (abs)        0001
_TMR1                    (abs)        000E
_TMR1CS                  (abs)        0081
_TMR1IE                  (abs)        0460
_TMR1IF                  (abs)        0060
_TMR1ON                  (abs)        0080
_TMR2                    (abs)        0011
_TMR2IF                  (abs)        0061
_TRISAbits               (abs)        0085
_TRISBbits               (abs)        0086
_TRISCbits               (abs)        0087
__H__absolute__          __absolute__ 0000
__Habs1                  abs1         0000
__Hbank0                 bank0        0000
__Hbank1                 bank1        0000
__Hbank2                 bank2        0000
__Hbank3                 bank3        0000
__HbssBANK0              bssBANK0     0000
__HbssBANK1              bssBANK1     0000
__HbssBANK2              bssBANK2     0000
__Hcinit                 cinit        0028
__Hclrtext               clrtext      0000
__Hcode                  code         0000
__Hcommon                common       0000
__Hconfig                config       2008
__HcstackBANK0           cstackBANK0  0000
__HcstackBANK1           cstackBANK1  0000
__HcstackCOMMON          cstackCOMMON 0000
__Heeprom_data           eeprom_data  0000
__Hend_init              end_init     0011
__Hfunctab               functab      0000
__Hheap                  heap         0000
__Hinit                  init         000F
__Hintentry              intentry     000F
__Hmaintext              maintext     0000
__Hpowerup               powerup      0000
__Hram                   ram          0000
__Hreset_vec             reset_vec    0002
__Hsfr0                  sfr0         0000
__Hsfr1                  sfr1         0000
__Hsfr2                  sfr2         0000
__Hsfr3                  sfr3         0000
__Hspace_0               (abs)        1000
__Hspace_1               (abs)        0138
__Hspace_2               (abs)        0000
__Hspace_3               (abs)        0000
__Hspace_4               (abs)        400F
__Hstack                 stack        0000
__Hstrings               strings      0000
__Htext                  text         0000
__L__absolute__          __absolute__ 0000
__Labs1                  abs1         0000
__Lbank0                 bank0        0000
__Lbank1                 bank1        0000
__Lbank2                 bank2        0000
__Lbank3                 bank3        0000
__LbssBANK0              bssBANK0     0000
__LbssBANK1              bssBANK1     0000
__LbssBANK2              bssBANK2     0000
__Lcinit                 cinit        0011
__Lclrtext               clrtext      0000
__Lcode                  code         0000
__Lcommon                common       0000
__Lconfig                config       0000
__LcstackBANK0           cstackBANK0  0000
__LcstackBANK1           cstackBANK1  0000
__LcstackCOMMON          cstackCOMMON 0000
__Leeprom_data           eeprom_data  0000
__Lend_init              end_init     000F
__Lfunctab               functab      0000
__Lheap                  heap         0000
__Linit                  init         000F
__Lintentry              intentry     0004
__Lmaintext              maintext     0000
__Lpowerup               powerup      0000
__Lram                   ram          0000
__Lreset_vec             reset_vec    0000
__Lsfr0                  sfr0         0000
__Lsfr1                  sfr1         0000
__Lsfr2                  sfr2         0000
__Lsfr3                  sfr3         0000
__Lspace_0               (abs)        0000
__Lspace_1               (abs)        0000
__Lspace_2               (abs)        0000
__Lspace_3               (abs)        0000
__Lspace_4               (abs)        0000
__Lstack                 stack        0000
__Lstrings               strings      0000
__Ltext                  text         0000
__S0                     (abs)        1000
__S1                     (abs)        0138
__S3                     (abs)        0000
___awdiv                 text7        0E72
___awdiv@counter         cstackBANK1  00A4
___awdiv@dividend        cstackBANK1  00A2
___awdiv@divisor         cstackBANK1  00A0
___awdiv@quotient        cstackBANK1  00A6
___awdiv@sign            cstackBANK1  00A5
___fldiv                 text6        0028
___fldiv@a               cstackBANK1  00AE
___fldiv@aexp            cstackBANK1  00C7
___fldiv@b               cstackBANK1  00B2
___fldiv@bexp            cstackBANK1  00C6
___fldiv@grs             cstackBANK1  00C2
___fldiv@new_exp         cstackBANK1  00C0
___fldiv@rem             cstackBANK1  00BB
___fldiv@sign            cstackBANK1  00BF
___fltol                 text5        0782
___fltol@exp1            cstackBANK1  00D1
___fltol@f1              cstackBANK1  00C8
___fltol@sign1           cstackBANK1  00D0
___heap_hi               (abs)        0000
___heap_lo               (abs)        0000
___int_sp                stack        0000
___int_stack_hi          stack        0000
___int_stack_lo          stack        0000
___latbits               (abs)        0001
___sp                    stack        0000
___stack_hi              stack        0000
___stack_lo              stack        0000
___stackhi               (abs)        0000
___stacklo               (abs)        0000
___wmul                  text4        0D4F
___wmul@multiplicand     cstackBANK1  00A2
___wmul@multiplier       cstackBANK1  00A0
___wmul@product          cstackBANK1  00A4
___xxtofl                text3        0610
___xxtofl@arg            cstackBANK1  00AA
___xxtofl@exp            cstackBANK1  00A9
___xxtofl@sign           cstackBANK1  00A8
___xxtofl@val            cstackBANK1  00A0
__end_of_ISR             text9        0610
__end_of_PWM1_Set_Duty   text8        0DAA
__end_of___awdiv         text7        0EDB
__end_of___fldiv         text6        01F7
__end_of___fltol         text5        07FA
__end_of___wmul          text4        0D76
__end_of___xxtofl        text3        06CA
__end_of__initialization cinit        0025
__end_of_calc_dist       text2        0E72
__end_of_main            maintext     0538
__end_of_thresholdf      text1        1000
__end_ofi1___fldiv       text14       03C6
__end_ofi1___fltol       text13       0F53
__end_ofi1___wmul        text12       0D4F
__end_ofi1___xxtofl      text11       0782
__end_ofi1_calc_dist     text10       0E0B
__initialization         cinit        0011
__pbssBANK0              bssBANK0     004E
__pbssBANK1              bssBANK1     00E0
__pbssBANK2              bssBANK2     0120
__pcstackBANK0           cstackBANK0  0020
__pcstackBANK1           cstackBANK1  00A0
__pcstackCOMMON          cstackCOMMON 0070
__pintentry              intentry     0004
__pmaintext              maintext     03C6
__ptext1                 text1        0F53
__ptext10                text10       0DAA
__ptext11                text11       06CA
__ptext12                text12       0D2A
__ptext13                text13       0EDB
__ptext14                text14       01F7
__ptext2                 text2        0E0B
__ptext3                 text3        0610
__ptext4                 text4        0D4F
__ptext5                 text5        0782
__ptext6                 text6        0028
__ptext7                 text7        0E72
__ptext8                 text8        0D76
__ptext9                 text9        0538
_calc_dist               text2        0E0B
_calcount                bssBANK0     0064
_calhighcount            bssBANK1     00E6
_count                   bssBANK1     00EA
_dist                    bssBANK1     00E4
_highcount               bssBANK1     00E8
_i                       bssBANK1     00E0
_lowcount                bssBANK0     0062
_main                    maintext     03C6
_maxthreshold            bssBANK0     0066
_minnthreshold           bssBANK0     0068
_minthreshold            bssBANK1     00EC
_thres                   bssBANK0     004E
_threshold               bssBANK1     00EE
_thresholdf              text1        0F53
btemp                    (abs)        007E
calc_dist@distance       cstackBANK1  00D5
clear_ram0               clrtext      0D22
end_of_initialization    cinit        0025
i1___fldiv               text14       01F7
i1___fldiv@a             cstackBANK0  0020
i1___fldiv@aexp          cstackBANK0  0039
i1___fldiv@b             cstackBANK0  0024
i1___fldiv@bexp          cstackBANK0  0038
i1___fldiv@grs           cstackBANK0  0034
i1___fldiv@new_exp       cstackBANK0  0032
i1___fldiv@rem           cstackBANK0  002D
i1___fldiv@sign          cstackBANK0  0031
i1___fltol               text13       0EDB
i1___fltol@exp1          cstackBANK0  0043
i1___fltol@f1            cstackBANK0  003A
i1___fltol@sign1         cstackBANK0  0042
i1___wmul                text12       0D2A
i1___wmul@multiplicand   cstackCOMMON 0072
i1___wmul@multiplier     cstackCOMMON 0070
i1___wmul@product        cstackCOMMON 0074
i1___xxtofl              text11       06CA
i1___xxtofl@arg          cstackCOMMON 007A
i1___xxtofl@exp          cstackCOMMON 0079
i1___xxtofl@sign         cstackCOMMON 0078
i1___xxtofl@val          cstackCOMMON 0070
i1_calc_dist             text10       0DAA
i1calc_dist@distance     cstackBANK0  0047
interrupt_function       intentry     0004
intlevel0                functab      0000
intlevel1                functab      0000
intlevel2                functab      0000
intlevel3                functab      0000
intlevel4                functab      0000
intlevel5                functab      0000
reset_vec                reset_vec    0000
saved_w                  (abs)        007E
start                    init         000F
start_initialization     cinit        0011
wtemp0                   (abs)        007E


MODULE INFORMATION

Module		Function		Class		Link	Load	Size
C:\Program Files\Microchip\xc8\v2.45\pic\sources\c90\common\awdiv.c
		___awdiv       		CODE           	0E72	0000	105

C:\Program Files\Microchip\xc8\v2.45\pic\sources\c90\common\awdiv.c estimated size: 105

C:\Program Files\Microchip\xc8\v2.45\pic\sources\c90\common\xxtofl.c
		___xxtofl      		CODE           	0610	0000	186

C:\Program Files\Microchip\xc8\v2.45\pic\sources\c90\common\xxtofl.c estimated size: 186

UltraSonic690.c
		_thresholdf    		CODE           	0F53	0000	173
		_ISR           		CODE           	0538	0000	216
		_main          		CODE           	03C6	0000	370
		_calc_dist     		CODE           	0E0B	0000	103
		_PWM1_Set_Duty 		CODE           	0D76	0000	52

UltraSonic690.c estimated size: 914

shared
		i1_calc_dist   		CODE           	0DAA	0000	97
		i1___wmul      		CODE           	0D2A	0000	37
		i1___fldiv     		CODE           	01F7	0000	463
		i1___fltol     		CODE           	0EDB	0000	120
		__initialization		CODE           	0011	0000	20
		i1___xxtofl    		CODE           	06CA	0000	184

shared estimated size: 921

C:\Program Files\Microchip\xc8\v2.45\pic\sources\c90\common\Umul16.c
		___wmul        		CODE           	0D4F	0000	39

C:\Program Files\Microchip\xc8\v2.45\pic\sources\c90\common\Umul16.c estimated size: 39

C:\Program Files\Microchip\xc8\v2.45\pic\sources\c90\common\sprcdiv.c
		___fldiv       		CODE           	0028	0000	463

C:\Program Files\Microchip\xc8\v2.45\pic\sources\c90\common\sprcdiv.c estimated size: 463

C:\Program Files\Microchip\xc8\v2.45\pic\sources\c90\common\fltol.c
		___fltol       		CODE           	0782	0000	120

C:\Program Files\Microchip\xc8\v2.45\pic\sources\c90\common\fltol.c estimated size: 120

